




2026-04-27T18:32:42.223Z [INFO]: New user registered: badarmajid
2026-04-27T18:33:14.063Z [INFO]: New user registered: badar11
2026-04-27T18:33:41.554Z [INFO]: User logged in: badar11
2026-04-27T18:33:41.559Z [WARN]: Failed login attempt for: badar11
2026-04-27T18:36:25.411Z [INFO]: New user registered: develperhub
2026-04-27T18:39:19.717Z [INFO]: New user registered: developerHUB
2026-04-27T18:39:40.031Z [INFO]: User logged in: developerHUB
2026-04-27T18:39:40.036Z [WARN]: Failed login attempt for: developerHUB
2026-04-27T18:39:49.598Z [INFO]: User logged in: developerHUB
2026-04-27T18:39:49.604Z [WARN]: Failed login attempt for: developerHUB
2026-04-27T18:41:50.201Z [INFO]: User logged in: developerHUB
2026-04-27T18:41:50.202Z [WARN]: Failed login attempt for: developerHUB
2026-04-27T18:42:52.625Z [INFO]: User logged in: developerHUB
2026-04-27T18:42:52.637Z [WARN]: Failed login attempt for: developerHUB
2026-04-27T18:43:26.925Z [INFO]: User logged in: developerHUB
2026-04-27T18:43:26.928Z [WARN]: Failed login attempt for: developerHUB
2026-04-27T18:43:39.895Z [INFO]: User logged in: developerHUB
2026-04-27T18:43:39.897Z [WARN]: Failed login attempt for: developerHUB
2026-04-27T19:01:31.023Z [INFO]: User logged in: developerHUB
2026-04-27T19:01:31.025Z [WARN]: Failed login attempt for: developerHUB
2026-04-27T19:02:07.834Z [INFO]: New user registered: developerHUB
2026-04-27T19:02:11.916Z [INFO]: New user registered: developerHUB
2026-04-27T19:02:20.347Z [INFO]: User logged in: developerHUB
2026-04-27T19:02:20.361Z [WARN]: Failed login attempt for: developerHUB
2026-04-27T19:02:44.275Z [INFO]: New user registered: badar1
2026-04-27T19:03:08.373Z [INFO]: User logged in: badar1
2026-04-27T19:03:08.373Z [WARN]: Failed login attempt for: badar1
2026-04-27T19:03:35.334Z [INFO]: New user registered: developerHUB
2026-04-27T19:03:51.313Z [INFO]: User logged in: developerHUB
2026-04-27T19:03:51.320Z [WARN]: Failed login attempt for: developerHUB
2026-04-27T19:04:07.227Z [INFO]: User logged in: developerHUB
2026-04-27T19:04:07.228Z [WARN]: Failed login attempt for: developerHUB
2026-04-27T19:06:26.573Z [WARN]: Unauthorized API access attempt
2026-04-27T19:08:19.788Z [INFO]: New user registered: developerHUB1
2026-04-27T19:08:37.397Z [INFO]: User logged in: developerHUB1
2026-04-27T19:08:37.399Z [WARN]: Failed login attempt for: developerHUB1
2026-04-27T19:09:58.993Z [INFO]: New user registered: developerHUB55
2026-04-27T19:10:15.277Z [INFO]: User logged in: developerHUB55
2026-04-27T19:10:15.278Z [WARN]: Failed login attempt for: developerHUB55
2026-04-27T20:28:09.581Z [INFO]: New user registered: badar11
2026-04-27T20:28:30.443Z [INFO]: User logged in: badar11
2026-04-27T20:28:50.969Z [WARN]: Failed login attempt for: badar11
2026-04-27T20:29:06.025Z [WARN]: Failed login attempt for: badar11
2026-04-27T20:29:23.240Z [WARN]: Failed login attempt for: badar11
2026-04-27T20:29:35.649Z [WARN]: Failed login attempt for: badar11
2026-04-27T20:29:47.731Z [WARN]: Failed login attempt for: badar11
2026-04-27T20:29:58.999Z [WARN]: Failed login attempt for: badar11
2026-04-27T20:30:10.294Z [WARN]: Failed login attempt for: badar11
2026-04-27T20:30:41.671Z [WARN]: Failed login attempt for: badar11
2026-04-27T20:30:54.521Z [WARN]: Failed login attempt for: badar11
2026-04-27T20:31:10.372Z [WARN]: Failed login attempt for: admin
2026-04-27T20:31:48.548Z [WARN]: Failed login attempt for: badar11
2026-04-27T20:32:06.822Z [INFO]: User logged in: badar11
2026-04-27T20:37:33.149Z [INFO]: New user registered: badar11
2026-04-27T20:37:54.628Z [INFO]: User logged in: badar11
2026-04-27T20:38:03.282Z [WARN]: Failed login attempt for: badar11
2026-04-27T20:39:42.226Z [WARN]: Failed login attempt for: badar11
2026-04-27T20:39:48.436Z [INFO]: New user registered: badar11
2026-04-27T20:39:51.879Z [INFO]: User logged in: badar11
2026-04-27T20:41:15.320Z [INFO]: New user registered: badar11
2026-04-27T20:41:18.010Z [INFO]: User logged in: badar11
2026-04-27T20:41:30.747Z [WARN]: Failed login attempt for: badar11
2026-04-27T20:41:39.574Z [WARN]: Failed login attempt for: badar11
2026-04-28T13:21:20.720Z [INFO]: New user registered: badar12
2026-04-28T13:21:34.769Z [INFO]: User logged in: badar12
